[0.017s] Invoking command in '/home/rohan/articubot/build/nav_bot': CMAKE_PREFIX_PATH=/opt/ros/humble /usr/bin/cmake --build /home/rohan/articubot/build/nav_bot -- -j16 -l16
[0.115s] Invoked command in '/home/rohan/articubot/build/nav_bot' returned '0': CMAKE_PREFIX_PATH=/opt/ros/humble /usr/bin/cmake --build /home/rohan/articubot/build/nav_bot -- -j16 -l16
[0.133s] Invoking command in '/home/rohan/articubot/build/nav_bot': CMAKE_PREFIX_PATH=/opt/ros/humble /usr/bin/cmake --install /home/rohan/articubot/build/nav_bot
[0.144s] -- Install configuration: ""
[0.144s] -- Execute custom install script
[0.145s] -- Up-to-date symlink: /home/rohan/articubot/install/nav_bot/share/nav_bot/config/empty.yaml
[0.145s] -- Up-to-date symlink: /home/rohan/articubot/install/nav_bot/share/nav_bot/config/view_bot.rviz
[0.145s] -- Up-to-date symlink: /home/rohan/articubot/install/nav_bot/share/nav_bot/description/gazebo_control.xacro
[0.145s] -- Up-to-date symlink: /home/rohan/articubot/install/nav_bot/share/nav_bot/description/inertial_macros.xacro
[0.145s] -- Up-to-date symlink: /home/rohan/articubot/install/nav_bot/share/nav_bot/description/robot.urdf.xacro
[0.145s] -- Up-to-date symlink: /home/rohan/articubot/install/nav_bot/share/nav_bot/description/robot_core.xacro
[0.146s] -- Up-to-date symlink: /home/rohan/articubot/install/nav_bot/share/nav_bot/launch/launch_sim.launch.py
[0.146s] -- Up-to-date symlink: /home/rohan/articubot/install/nav_bot/share/nav_bot/launch/rsp.launch.py
[0.146s] -- Up-to-date symlink: /home/rohan/articubot/install/nav_bot/share/nav_bot/worlds/empty.world
[0.146s] -- Up-to-date symlink: /home/rohan/articubot/install/nav_bot/share/ament_index/resource_index/package_run_dependencies/nav_bot
[0.146s] -- Up-to-date symlink: /home/rohan/articubot/install/nav_bot/share/ament_index/resource_index/parent_prefix_path/nav_bot
[0.147s] -- Up-to-date symlink: /home/rohan/articubot/install/nav_bot/share/nav_bot/environment/ament_prefix_path.sh
[0.147s] -- Up-to-date symlink: /home/rohan/articubot/install/nav_bot/share/nav_bot/environment/ament_prefix_path.dsv
[0.147s] -- Up-to-date symlink: /home/rohan/articubot/install/nav_bot/share/nav_bot/environment/path.sh
[0.147s] -- Up-to-date symlink: /home/rohan/articubot/install/nav_bot/share/nav_bot/environment/path.dsv
[0.147s] -- Up-to-date symlink: /home/rohan/articubot/install/nav_bot/share/nav_bot/local_setup.bash
[0.147s] -- Up-to-date symlink: /home/rohan/articubot/install/nav_bot/share/nav_bot/local_setup.sh
[0.148s] -- Up-to-date symlink: /home/rohan/articubot/install/nav_bot/share/nav_bot/local_setup.zsh
[0.148s] -- Up-to-date symlink: /home/rohan/articubot/install/nav_bot/share/nav_bot/local_setup.dsv
[0.148s] -- Symlinking: /home/rohan/articubot/install/nav_bot/share/nav_bot/package.dsv
[0.165s] -- Up-to-date symlink: /home/rohan/articubot/install/nav_bot/share/ament_index/resource_index/packages/nav_bot
[0.165s] -- Up-to-date symlink: /home/rohan/articubot/install/nav_bot/share/nav_bot/cmake/nav_botConfig.cmake
[0.165s] -- Up-to-date symlink: /home/rohan/articubot/install/nav_bot/share/nav_bot/cmake/nav_botConfig-version.cmake
[0.165s] -- Up-to-date symlink: /home/rohan/articubot/install/nav_bot/share/nav_bot/package.xml
[0.170s] Invoked command in '/home/rohan/articubot/build/nav_bot' returned '0': CMAKE_PREFIX_PATH=/opt/ros/humble /usr/bin/cmake --install /home/rohan/articubot/build/nav_bot
