[0.158s] DEBUG:colcon:Command line arguments: ['/usr/bin/colcon', 'build', '--packages-select', 'nav_bot']
[0.158s] DEBUG:colcon:Parsed command line arguments: Namespace(log_base=None, log_level=None, verb_name='build', build_base='build', install_base='install', merge_install=False, symlink_install=False, test_result_base=None, continue_on_error=False, executor='parallel', parallel_workers=16, event_handlers=None, ignore_user_meta=False, metas=['./colcon.meta'], base_paths=['.'], packages_ignore=None, packages_ignore_regex=None, paths=None, packages_up_to=None, packages_up_to_regex=None, packages_above=None, packages_above_and_dependencies=None, packages_above_depth=None, packages_select_by_dep=None, packages_skip_by_dep=None, packages_skip_up_to=None, packages_select_build_failed=False, packages_skip_build_finished=False, packages_select_test_failures=False, packages_skip_test_passed=False, packages_select=['nav_bot'], packages_skip=None, packages_select_regex=None, packages_skip_regex=None, packages_start=None, packages_end=None, allow_overriding=[], cmake_args=None, cmake_target=None, cmake_target_skip_unavailable=False, cmake_clean_cache=False, cmake_clean_first=False, cmake_force_configure=False, ament_cmake_args=None, catkin_cmake_args=None, catkin_skip_building_tests=False, mixin_files=None, mixin=None, verb_parser=<colcon_mixin.mixin.mixin_argument.MixinArgumentDecorator object at 0x79f9400d21d0>, verb_extension=<colcon_core.verb.build.BuildVerb object at 0x79f9400d1c00>, main=<bound method BuildVerb.main of <colcon_core.verb.build.BuildVerb object at 0x79f9400d1c00>>, mixin_verb=('build',))
[0.501s] Level 1:colcon.colcon_core.package_discovery:discover_packages(colcon_meta) check parameters
[0.502s] Level 1:colcon.colcon_core.package_discovery:discover_packages(recursive) check parameters
[0.502s] Level 1:colcon.colcon_core.package_discovery:discover_packages(ignore) check parameters
[0.502s] Level 1:colcon.colcon_core.package_discovery:discover_packages(path) check parameters
[0.502s] Level 1:colcon.colcon_core.package_discovery:discover_packages(colcon_meta) discover
[0.502s] Level 1:colcon.colcon_core.package_discovery:discover_packages(recursive) discover
[0.502s] INFO:colcon.colcon_core.package_discovery:Crawling recursively for packages in '/home/rohan/articubot'
[0.502s] Level 1:colcon.colcon_core.package_identification:_identify(.) by extensions ['ignore', 'ignore_ament_install']
[0.502s] Level 1:colcon.colcon_core.package_identification:_identify(.) by extension 'ignore'
[0.502s] Level 1:colcon.colcon_core.package_identification:_identify(.) by extension 'ignore_ament_install'
[0.503s] Level 1:colcon.colcon_core.package_identification:_identify(.) by extensions ['colcon_pkg']
[0.503s] Level 1:colcon.colcon_core.package_identification:_identify(.) by extension 'colcon_pkg'
[0.503s] Level 1:colcon.colcon_core.package_identification:_identify(.) by extensions ['colcon_meta']
[0.503s] Level 1:colcon.colcon_core.package_identification:_identify(.) by extension 'colcon_meta'
[0.503s] Level 1:colcon.colcon_core.package_identification:_identify(.) by extensions ['ros']
[0.503s] Level 1:colcon.colcon_core.package_identification:_identify(.) by extension 'ros'
[0.517s] Level 1:colcon.colcon_core.package_identification:_identify(.) by extensions ['cmake', 'python']
[0.518s] Level 1:colcon.colcon_core.package_identification:_identify(.) by extension 'cmake'
[0.518s] Level 1:colcon.colcon_core.package_identification:_identify(.) by extension 'python'
[0.518s] Level 1:colcon.colcon_core.package_identification:_identify(.) by extensions ['python_setup_py']
[0.518s] Level 1:colcon.colcon_core.package_identification:_identify(.) by extension 'python_setup_py'
[0.518s] Level 1:colcon.colcon_core.package_identification:_identify(build) by extensions ['ignore', 'ignore_ament_install']
[0.518s] Level 1:colcon.colcon_core.package_identification:_identify(build) by extension 'ignore'
[0.518s] Level 1:colcon.colcon_core.package_identification:_identify(build) ignored
[0.518s] Level 1:colcon.colcon_core.package_identification:_identify(install) by extensions ['ignore', 'ignore_ament_install']
[0.519s] Level 1:colcon.colcon_core.package_identification:_identify(install) by extension 'ignore'
[0.519s] Level 1:colcon.colcon_core.package_identification:_identify(install) ignored
[0.519s] Level 1:colcon.colcon_core.package_identification:_identify(log) by extensions ['ignore', 'ignore_ament_install']
[0.519s] Level 1:colcon.colcon_core.package_identification:_identify(log) by extension 'ignore'
[0.519s] Level 1:colcon.colcon_core.package_identification:_identify(log) ignored
[0.519s] Level 1:colcon.colcon_core.package_identification:_identify(src) by extensions ['ignore', 'ignore_ament_install']
[0.519s] Level 1:colcon.colcon_core.package_identification:_identify(src) by extension 'ignore'
[0.519s] Level 1:colcon.colcon_core.package_identification:_identify(src) by extension 'ignore_ament_install'
[0.519s] Level 1:colcon.colcon_core.package_identification:_identify(src) by extensions ['colcon_pkg']
[0.519s] Level 1:colcon.colcon_core.package_identification:_identify(src) by extension 'colcon_pkg'
[0.519s] Level 1:colcon.colcon_core.package_identification:_identify(src) by extensions ['colcon_meta']
[0.519s] Level 1:colcon.colcon_core.package_identification:_identify(src) by extension 'colcon_meta'
[0.519s] Level 1:colcon.colcon_core.package_identification:_identify(src) by extensions ['ros']
[0.519s] Level 1:colcon.colcon_core.package_identification:_identify(src) by extension 'ros'
[0.520s] Level 1:colcon.colcon_core.package_identification:_identify(src) by extensions ['cmake', 'python']
[0.520s] Level 1:colcon.colcon_core.package_identification:_identify(src) by extension 'cmake'
[0.520s] Level 1:colcon.colcon_core.package_identification:_identify(src) by extension 'python'
[0.520s] Level 1:colcon.colcon_core.package_identification:_identify(src) by extensions ['python_setup_py']
[0.520s] Level 1:colcon.colcon_core.package_identification:_identify(src) by extension 'python_setup_py'
[0.520s] Level 1:colcon.colcon_core.package_identification:_identify(src/nav_bot) by extensions ['ignore', 'ignore_ament_install']
[0.520s] Level 1:colcon.colcon_core.package_identification:_identify(src/nav_bot) by extension 'ignore'
[0.520s] Level 1:colcon.colcon_core.package_identification:_identify(src/nav_bot) by extension 'ignore_ament_install'
[0.520s] Level 1:colcon.colcon_core.package_identification:_identify(src/nav_bot) by extensions ['colcon_pkg']
[0.520s] Level 1:colcon.colcon_core.package_identification:_identify(src/nav_bot) by extension 'colcon_pkg'
[0.520s] Level 1:colcon.colcon_core.package_identification:_identify(src/nav_bot) by extensions ['colcon_meta']
[0.520s] Level 1:colcon.colcon_core.package_identification:_identify(src/nav_bot) by extension 'colcon_meta'
[0.520s] Level 1:colcon.colcon_core.package_identification:_identify(src/nav_bot) by extensions ['ros']
[0.520s] Level 1:colcon.colcon_core.package_identification:_identify(src/nav_bot) by extension 'ros'
[0.524s] DEBUG:colcon.colcon_core.package_identification:Package 'src/nav_bot' with type 'ros.ament_cmake' and name 'nav_bot'
[0.524s] Level 1:colcon.colcon_core.package_discovery:discover_packages(recursive) using defaults
[0.524s] Level 1:colcon.colcon_core.package_discovery:discover_packages(ignore) discover
[0.524s] Level 1:colcon.colcon_core.package_discovery:discover_packages(ignore) using defaults
[0.524s] Level 1:colcon.colcon_core.package_discovery:discover_packages(path) discover
[0.524s] Level 1:colcon.colcon_core.package_discovery:discover_packages(path) using defaults
[0.556s] Level 1:colcon.colcon_core.package_discovery:discover_packages(prefix_path) check parameters
[0.556s] Level 1:colcon.colcon_core.package_discovery:discover_packages(prefix_path) discover
[0.559s] DEBUG:colcon.colcon_installed_package_information.package_discovery:Found 7 installed packages in /home/rohan/px4/ros2_ws/install
[0.560s] DEBUG:colcon.colcon_installed_package_information.package_discovery:Found 1 installed packages in /home/rohan/px4/px4_ros_uxrce_dds_ws/install
[0.563s] DEBUG:colcon.colcon_installed_package_information.package_discovery:Found 492 installed packages in /opt/ros/humble
[0.567s] Level 1:colcon.colcon_core.package_discovery:discover_packages(prefix_path) using defaults
[0.647s] Level 5:colcon.colcon_core.verb:set package 'nav_bot' build argument 'cmake_args' from command line to 'None'
[0.647s] Level 5:colcon.colcon_core.verb:set package 'nav_bot' build argument 'cmake_target' from command line to 'None'
[0.647s] Level 5:colcon.colcon_core.verb:set package 'nav_bot' build argument 'cmake_target_skip_unavailable' from command line to 'False'
[0.647s] Level 5:colcon.colcon_core.verb:set package 'nav_bot' build argument 'cmake_clean_cache' from command line to 'False'
[0.647s] Level 5:colcon.colcon_core.verb:set package 'nav_bot' build argument 'cmake_clean_first' from command line to 'False'
[0.647s] Level 5:colcon.colcon_core.verb:set package 'nav_bot' build argument 'cmake_force_configure' from command line to 'False'
[0.647s] Level 5:colcon.colcon_core.verb:set package 'nav_bot' build argument 'ament_cmake_args' from command line to 'None'
[0.647s] Level 5:colcon.colcon_core.verb:set package 'nav_bot' build argument 'catkin_cmake_args' from command line to 'None'
[0.647s] Level 5:colcon.colcon_core.verb:set package 'nav_bot' build argument 'catkin_skip_building_tests' from command line to 'False'
[0.647s] DEBUG:colcon.colcon_core.verb:Building package 'nav_bot' with the following arguments: {'ament_cmake_args': None, 'build_base': '/home/rohan/articubot/build/nav_bot', 'catkin_cmake_args': None, 'catkin_skip_building_tests': False, 'cmake_args': None, 'cmake_clean_cache': False, 'cmake_clean_first': False, 'cmake_force_configure': False, 'cmake_target': None, 'cmake_target_skip_unavailable': False, 'install_base': '/home/rohan/articubot/install/nav_bot', 'merge_install': False, 'path': '/home/rohan/articubot/src/nav_bot', 'symlink_install': False, 'test_result_base': None}
[0.648s] INFO:colcon.colcon_core.executor:Executing jobs using 'parallel' executor
[0.650s] DEBUG:colcon.colcon_parallel_executor.executor.parallel:run_until_complete
[0.650s] INFO:colcon.colcon_ros.task.ament_cmake.build:Building ROS package in '/home/rohan/articubot/src/nav_bot' with build type 'ament_cmake'
[0.650s] INFO:colcon.colcon_cmake.task.cmake.build:Building CMake package in '/home/rohan/articubot/src/nav_bot'
[0.654s] INFO:colcon.colcon_core.plugin_system:Skipping extension 'colcon_core.shell.bat': Not used on non-Windows systems
[0.654s] INFO:colcon.colcon_core.shell:Skip shell extension 'powershell' for command environment: Not usable outside of PowerShell
[0.654s] DEBUG:colcon.colcon_core.shell:Skip shell extension 'dsv' for command environment
[0.667s] DEBUG:colcon.colcon_core.event_handler.log_command:Invoking command in '/home/rohan/articubot/build/nav_bot': CMAKE_PREFIX_PATH=${CMAKE_PREFIX_PATH}:/home/rohan/px4/ros2_ws/install/px4_offboard:/home/rohan/px4/ros2_ws/install/com_bridge:/opt/ros/humble /usr/bin/cmake /home/rohan/articubot/src/nav_bot -DCMAKE_INSTALL_PREFIX=/home/rohan/articubot/install/nav_bot
[1.562s] DEBUG:colcon.colcon_core.event_handler.log_command:Invoked command in '/home/rohan/articubot/build/nav_bot' returned '0': CMAKE_PREFIX_PATH=${CMAKE_PREFIX_PATH}:/home/rohan/px4/ros2_ws/install/px4_offboard:/home/rohan/px4/ros2_ws/install/com_bridge:/opt/ros/humble /usr/bin/cmake /home/rohan/articubot/src/nav_bot -DCMAKE_INSTALL_PREFIX=/home/rohan/articubot/install/nav_bot
[1.564s] DEBUG:colcon.colcon_core.event_handler.log_command:Invoking command in '/home/rohan/articubot/build/nav_bot': CMAKE_PREFIX_PATH=${CMAKE_PREFIX_PATH}:/home/rohan/px4/ros2_ws/install/px4_offboard:/home/rohan/px4/ros2_ws/install/com_bridge:/opt/ros/humble /usr/bin/cmake --build /home/rohan/articubot/build/nav_bot -- -j16 -l16
[1.624s] DEBUG:colcon.colcon_core.event_handler.log_command:Invoked command in '/home/rohan/articubot/build/nav_bot' returned '0': CMAKE_PREFIX_PATH=${CMAKE_PREFIX_PATH}:/home/rohan/px4/ros2_ws/install/px4_offboard:/home/rohan/px4/ros2_ws/install/com_bridge:/opt/ros/humble /usr/bin/cmake --build /home/rohan/articubot/build/nav_bot -- -j16 -l16
[1.637s] DEBUG:colcon.colcon_core.event_handler.log_command:Invoking command in '/home/rohan/articubot/build/nav_bot': CMAKE_PREFIX_PATH=${CMAKE_PREFIX_PATH}:/home/rohan/px4/ros2_ws/install/px4_offboard:/home/rohan/px4/ros2_ws/install/com_bridge:/opt/ros/humble /usr/bin/cmake --install /home/rohan/articubot/build/nav_bot
[1.651s] Level 1:colcon.colcon_core.environment:create_environment_scripts_only(nav_bot)
[1.652s] DEBUG:colcon.colcon_core.event_handler.log_command:Invoked command in '/home/rohan/articubot/build/nav_bot' returned '0': CMAKE_PREFIX_PATH=${CMAKE_PREFIX_PATH}:/home/rohan/px4/ros2_ws/install/px4_offboard:/home/rohan/px4/ros2_ws/install/com_bridge:/opt/ros/humble /usr/bin/cmake --install /home/rohan/articubot/build/nav_bot
[1.654s] Level 1:colcon.colcon_core.environment:checking '/home/rohan/articubot/install/nav_bot' for CMake module files
[1.655s] Level 1:colcon.colcon_core.environment:checking '/home/rohan/articubot/install/nav_bot' for CMake config files
[1.655s] Level 1:colcon.colcon_core.shell:create_environment_hook('nav_bot', 'cmake_prefix_path')
[1.656s] INFO:colcon.colcon_core.shell:Creating environment hook '/home/rohan/articubot/install/nav_bot/share/nav_bot/hook/cmake_prefix_path.ps1'
[1.656s] INFO:colcon.colcon_core.shell:Creating environment descriptor '/home/rohan/articubot/install/nav_bot/share/nav_bot/hook/cmake_prefix_path.dsv'
[1.657s] INFO:colcon.colcon_core.shell:Creating environment hook '/home/rohan/articubot/install/nav_bot/share/nav_bot/hook/cmake_prefix_path.sh'
[1.658s] Level 1:colcon.colcon_core.environment:checking '/home/rohan/articubot/install/nav_bot/bin'
[1.658s] Level 1:colcon.colcon_core.environment:checking '/home/rohan/articubot/install/nav_bot/lib/pkgconfig/nav_bot.pc'
[1.658s] Level 1:colcon.colcon_core.environment:checking '/home/rohan/articubot/install/nav_bot/lib/python3.10/site-packages'
[1.659s] Level 1:colcon.colcon_core.environment:checking '/home/rohan/articubot/install/nav_bot/bin'
[1.659s] INFO:colcon.colcon_core.shell:Creating package script '/home/rohan/articubot/install/nav_bot/share/nav_bot/package.ps1'
[1.660s] INFO:colcon.colcon_core.shell:Creating package descriptor '/home/rohan/articubot/install/nav_bot/share/nav_bot/package.dsv'
[1.661s] INFO:colcon.colcon_core.shell:Creating package script '/home/rohan/articubot/install/nav_bot/share/nav_bot/package.sh'
[1.661s] INFO:colcon.colcon_core.shell:Creating package script '/home/rohan/articubot/install/nav_bot/share/nav_bot/package.bash'
[1.662s] INFO:colcon.colcon_core.shell:Creating package script '/home/rohan/articubot/install/nav_bot/share/nav_bot/package.zsh'
[1.663s] Level 1:colcon.colcon_core.environment:create_file_with_runtime_dependencies(/home/rohan/articubot/install/nav_bot/share/colcon-core/packages/nav_bot)
[1.663s] Level 1:colcon.colcon_core.environment:create_environment_scripts_only(nav_bot)
[1.664s] Level 1:colcon.colcon_core.environment:checking '/home/rohan/articubot/install/nav_bot' for CMake module files
[1.664s] Level 1:colcon.colcon_core.environment:checking '/home/rohan/articubot/install/nav_bot' for CMake config files
[1.664s] Level 1:colcon.colcon_core.shell:create_environment_hook('nav_bot', 'cmake_prefix_path')
[1.665s] INFO:colcon.colcon_core.shell:Creating environment hook '/home/rohan/articubot/install/nav_bot/share/nav_bot/hook/cmake_prefix_path.ps1'
[1.665s] INFO:colcon.colcon_core.shell:Creating environment descriptor '/home/rohan/articubot/install/nav_bot/share/nav_bot/hook/cmake_prefix_path.dsv'
[1.665s] INFO:colcon.colcon_core.shell:Creating environment hook '/home/rohan/articubot/install/nav_bot/share/nav_bot/hook/cmake_prefix_path.sh'
[1.666s] Level 1:colcon.colcon_core.environment:checking '/home/rohan/articubot/install/nav_bot/bin'
[1.666s] Level 1:colcon.colcon_core.environment:checking '/home/rohan/articubot/install/nav_bot/lib/pkgconfig/nav_bot.pc'
[1.666s] Level 1:colcon.colcon_core.environment:checking '/home/rohan/articubot/install/nav_bot/lib/python3.10/site-packages'
[1.667s] Level 1:colcon.colcon_core.environment:checking '/home/rohan/articubot/install/nav_bot/bin'
[1.667s] INFO:colcon.colcon_core.shell:Creating package script '/home/rohan/articubot/install/nav_bot/share/nav_bot/package.ps1'
[1.668s] INFO:colcon.colcon_core.shell:Creating package descriptor '/home/rohan/articubot/install/nav_bot/share/nav_bot/package.dsv'
[1.668s] INFO:colcon.colcon_core.shell:Creating package script '/home/rohan/articubot/install/nav_bot/share/nav_bot/package.sh'
[1.669s] INFO:colcon.colcon_core.shell:Creating package script '/home/rohan/articubot/install/nav_bot/share/nav_bot/package.bash'
[1.669s] INFO:colcon.colcon_core.shell:Creating package script '/home/rohan/articubot/install/nav_bot/share/nav_bot/package.zsh'
[1.669s] Level 1:colcon.colcon_core.environment:create_file_with_runtime_dependencies(/home/rohan/articubot/install/nav_bot/share/colcon-core/packages/nav_bot)
[1.670s] DEBUG:colcon.colcon_parallel_executor.executor.parallel:closing loop
[1.670s] DEBUG:colcon.colcon_parallel_executor.executor.parallel:loop closed
[1.670s] DEBUG:colcon.colcon_parallel_executor.executor.parallel:run_until_complete finished with '0'
[1.670s] DEBUG:colcon.colcon_core.event_reactor:joining thread
[1.677s] INFO:colcon.colcon_core.plugin_system:Skipping extension 'colcon_notification.desktop_notification.terminal_notifier': Not used on non-Darwin systems
[1.677s] INFO:colcon.colcon_core.plugin_system:Skipping extension 'colcon_notification.desktop_notification.win32': Not used on non-Windows systems
[1.677s] INFO:colcon.colcon_notification.desktop_notification:Sending desktop notification using 'notify2'
[1.691s] DEBUG:colcon.colcon_core.event_reactor:joined thread
[1.692s] INFO:colcon.colcon_core.shell:Creating prefix script '/home/rohan/articubot/install/local_setup.ps1'
[1.694s] INFO:colcon.colcon_core.shell:Creating prefix util module '/home/rohan/articubot/install/_local_setup_util_ps1.py'
[1.695s] INFO:colcon.colcon_core.shell:Creating prefix chain script '/home/rohan/articubot/install/setup.ps1'
[1.697s] INFO:colcon.colcon_core.shell:Creating prefix script '/home/rohan/articubot/install/local_setup.sh'
[1.698s] INFO:colcon.colcon_core.shell:Creating prefix util module '/home/rohan/articubot/install/_local_setup_util_sh.py'
[1.698s] INFO:colcon.colcon_core.shell:Creating prefix chain script '/home/rohan/articubot/install/setup.sh'
[1.700s] INFO:colcon.colcon_core.shell:Creating prefix script '/home/rohan/articubot/install/local_setup.bash'
[1.701s] INFO:colcon.colcon_core.shell:Creating prefix chain script '/home/rohan/articubot/install/setup.bash'
[1.702s] INFO:colcon.colcon_core.shell:Creating prefix script '/home/rohan/articubot/install/local_setup.zsh'
[1.703s] INFO:colcon.colcon_core.shell:Creating prefix chain script '/home/rohan/articubot/install/setup.zsh'
