[0.009s] Invoking command in '/home/rohan/articubot/build/nav_bot': CMAKE_PREFIX_PATH=${CMAKE_PREFIX_PATH}:/opt/ros/humble /usr/bin/cmake --build /home/rohan/articubot/build/nav_bot -- -j16 -l16
[0.045s] Invoked command in '/home/rohan/articubot/build/nav_bot' returned '0': CMAKE_PREFIX_PATH=${CMAKE_PREFIX_PATH}:/opt/ros/humble /usr/bin/cmake --build /home/rohan/articubot/build/nav_bot -- -j16 -l16
[0.053s] Invoking command in '/home/rohan/articubot/build/nav_bot': CMAKE_PREFIX_PATH=${CMAKE_PREFIX_PATH}:/opt/ros/humble /usr/bin/cmake --install /home/rohan/articubot/build/nav_bot
[0.058s] -- Install configuration: ""
[0.058s] -- Execute custom install script
[0.058s] -- Up-to-date symlink: /home/rohan/articubot/install/nav_bot/share/nav_bot/config/config.rviz
[0.059s] -- Symlinking: /home/rohan/articubot/install/nav_bot/share/nav_bot/config/drive_bot.rviz
[0.065s] -- Up-to-date symlink: /home/rohan/articubot/install/nav_bot/share/nav_bot/description/gazebo_control.xacro
[0.066s] -- Up-to-date symlink: /home/rohan/articubot/install/nav_bot/share/nav_bot/description/inertial_macros.xacro
[0.066s] -- Up-to-date symlink: /home/rohan/articubot/install/nav_bot/share/nav_bot/description/robot.urdf.xacro
[0.066s] -- Up-to-date symlink: /home/rohan/articubot/install/nav_bot/share/nav_bot/description/robot_core.xacro
[0.066s] -- Up-to-date symlink: /home/rohan/articubot/install/nav_bot/share/nav_bot/launch/launch_sim.launch.py
[0.066s] -- Up-to-date symlink: /home/rohan/articubot/install/nav_bot/share/nav_bot/launch/rsp.launch.py
[0.066s] -- Up-to-date symlink: /home/rohan/articubot/install/nav_bot/share/nav_bot/worlds/empty.world
[0.066s] -- Up-to-date symlink: /home/rohan/articubot/install/nav_bot/share/ament_index/resource_index/package_run_dependencies/nav_bot
[0.066s] -- Up-to-date symlink: /home/rohan/articubot/install/nav_bot/share/ament_index/resource_index/parent_prefix_path/nav_bot
[0.067s] -- Up-to-date symlink: /home/rohan/articubot/install/nav_bot/share/nav_bot/environment/ament_prefix_path.sh
[0.067s] -- Up-to-date symlink: /home/rohan/articubot/install/nav_bot/share/nav_bot/environment/ament_prefix_path.dsv
[0.067s] -- Up-to-date symlink: /home/rohan/articubot/install/nav_bot/share/nav_bot/environment/path.sh
[0.067s] -- Up-to-date symlink: /home/rohan/articubot/install/nav_bot/share/nav_bot/environment/path.dsv
[0.067s] -- Up-to-date symlink: /home/rohan/articubot/install/nav_bot/share/nav_bot/local_setup.bash
[0.067s] -- Up-to-date symlink: /home/rohan/articubot/install/nav_bot/share/nav_bot/local_setup.sh
[0.067s] -- Up-to-date symlink: /home/rohan/articubot/install/nav_bot/share/nav_bot/local_setup.zsh
[0.067s] -- Up-to-date symlink: /home/rohan/articubot/install/nav_bot/share/nav_bot/local_setup.dsv
[0.067s] -- Symlinking: /home/rohan/articubot/install/nav_bot/share/nav_bot/package.dsv
[0.074s] -- Up-to-date symlink: /home/rohan/articubot/install/nav_bot/share/ament_index/resource_index/packages/nav_bot
[0.074s] -- Up-to-date symlink: /home/rohan/articubot/install/nav_bot/share/nav_bot/cmake/nav_botConfig.cmake
[0.075s] -- Up-to-date symlink: /home/rohan/articubot/install/nav_bot/share/nav_bot/cmake/nav_botConfig-version.cmake
[0.075s] -- Up-to-date symlink: /home/rohan/articubot/install/nav_bot/share/nav_bot/package.xml
[0.077s] Invoked command in '/home/rohan/articubot/build/nav_bot' returned '0': CMAKE_PREFIX_PATH=${CMAKE_PREFIX_PATH}:/opt/ros/humble /usr/bin/cmake --install /home/rohan/articubot/build/nav_bot
