[0.016s] Invoking command in '/home/rohan/articubot/build/nav_bot': CMAKE_PREFIX_PATH=${CMAKE_PREFIX_PATH}:/home/rohan/px4/ros2_ws/install/px4_offboard:/home/rohan/px4/ros2_ws/install/com_bridge:/opt/ros/humble /usr/bin/cmake /home/rohan/articubot/src/nav_bot -DCMAKE_INSTALL_PREFIX=/home/rohan/articubot/install/nav_bot
[0.097s] -- The C compiler identification is GNU 11.4.0
[0.174s] -- The CXX compiler identification is GNU 11.4.0
[0.183s] -- Detecting C compiler ABI info
[0.291s] -- Detecting C compiler ABI info - done
[0.299s] -- Check for working C compiler: /usr/bin/cc - skipped
[0.299s] -- Detecting C compile features
[0.299s] -- Detecting C compile features - done
[0.303s] -- Detecting CXX compiler ABI info
[0.422s] -- Detecting CXX compiler ABI info - done
[0.430s] -- Check for working CXX compiler: /usr/bin/c++ - skipped
[0.430s] -- Detecting CXX compile features
[0.431s] -- Detecting CXX compile features - done
[0.436s] -- Found ament_cmake: 1.3.13 (/opt/ros/humble/share/ament_cmake/cmake)
[0.640s] -- Found Python3: /usr/bin/python3 (found version "3.10.12") found components: Interpreter 
[0.777s] -- Found ament_lint_auto: 0.12.15 (/opt/ros/humble/share/ament_lint_auto/cmake)
[0.888s] -- Added test 'copyright' to check source files copyright and LICENSE
[0.893s] -- Added test 'flake8' to check Python code syntax and style conventions
[0.894s] -- Added test 'lint_cmake' to check CMake code style
[0.895s] -- Added test 'pep257' to check Python code against some of the docstring style conventions in PEP 257
[0.897s] -- Added test 'xmllint' to check XML markup files
[0.899s] -- Configuring done
[0.903s] -- Generating done
[0.905s] -- Build files have been written to: /home/rohan/articubot/build/nav_bot
[0.910s] Invoked command in '/home/rohan/articubot/build/nav_bot' returned '0': CMAKE_PREFIX_PATH=${CMAKE_PREFIX_PATH}:/home/rohan/px4/ros2_ws/install/px4_offboard:/home/rohan/px4/ros2_ws/install/com_bridge:/opt/ros/humble /usr/bin/cmake /home/rohan/articubot/src/nav_bot -DCMAKE_INSTALL_PREFIX=/home/rohan/articubot/install/nav_bot
[0.913s] Invoking command in '/home/rohan/articubot/build/nav_bot': CMAKE_PREFIX_PATH=${CMAKE_PREFIX_PATH}:/home/rohan/px4/ros2_ws/install/px4_offboard:/home/rohan/px4/ros2_ws/install/com_bridge:/opt/ros/humble /usr/bin/cmake --build /home/rohan/articubot/build/nav_bot -- -j16 -l16
[0.973s] Invoked command in '/home/rohan/articubot/build/nav_bot' returned '0': CMAKE_PREFIX_PATH=${CMAKE_PREFIX_PATH}:/home/rohan/px4/ros2_ws/install/px4_offboard:/home/rohan/px4/ros2_ws/install/com_bridge:/opt/ros/humble /usr/bin/cmake --build /home/rohan/articubot/build/nav_bot -- -j16 -l16
[0.986s] Invoking command in '/home/rohan/articubot/build/nav_bot': CMAKE_PREFIX_PATH=${CMAKE_PREFIX_PATH}:/home/rohan/px4/ros2_ws/install/px4_offboard:/home/rohan/px4/ros2_ws/install/com_bridge:/opt/ros/humble /usr/bin/cmake --install /home/rohan/articubot/build/nav_bot
[0.998s] -- Install configuration: ""
[0.998s] -- Up-to-date: /home/rohan/articubot/install/nav_bot/share/nav_bot/config
[0.998s] -- Up-to-date: /home/rohan/articubot/install/nav_bot/share/nav_bot/description
[0.998s] -- Up-to-date: /home/rohan/articubot/install/nav_bot/share/nav_bot/launch
[0.998s] -- Up-to-date: /home/rohan/articubot/install/nav_bot/share/nav_bot/worlds
[0.998s] -- Installing: /home/rohan/articubot/install/nav_bot/share/nav_bot/package.dsv
[1.001s] Invoked command in '/home/rohan/articubot/build/nav_bot' returned '0': CMAKE_PREFIX_PATH=${CMAKE_PREFIX_PATH}:/home/rohan/px4/ros2_ws/install/px4_offboard:/home/rohan/px4/ros2_ws/install/com_bridge:/opt/ros/humble /usr/bin/cmake --install /home/rohan/articubot/build/nav_bot
