[0.011s] Invoking command in '/home/rohan/articubot/build/nav_bot': CMAKE_PREFIX_PATH=/opt/ros/humble /usr/bin/cmake /home/rohan/articubot/src/nav_bot -DAMENT_CMAKE_SYMLINK_INSTALL=1 -DCMAKE_INSTALL_PREFIX=/home/rohan/articubot/install/nav_bot
[0.128s] -- The C compiler identification is GNU 11.4.0
[0.200s] -- The CXX compiler identification is GNU 11.4.0
[0.209s] -- Detecting C compiler ABI info
[0.267s] -- Detecting C compiler ABI info - done
[0.271s] -- Check for working C compiler: /usr/bin/cc - skipped
[0.272s] -- Detecting C compile features
[0.273s] -- Detecting C compile features - done
[0.276s] -- Detecting CXX compiler ABI info
[0.339s] -- Detecting CXX compiler ABI info - done
[0.344s] -- Check for working CXX compiler: /usr/bin/c++ - skipped
[0.344s] -- Detecting CXX compile features
[0.344s] -- Detecting CXX compile features - done
[0.355s] -- Found ament_cmake: 1.3.12 (/opt/ros/humble/share/ament_cmake/cmake)
[0.471s] -- Found Python3: /usr/bin/python3 (found version "3.10.12") found components: Interpreter 
[0.524s] -- Override CMake install command with custom implementation using symlinks instead of copying resources
[0.567s] -- Found ament_lint_auto: 0.12.14 (/opt/ros/humble/share/ament_lint_auto/cmake)
[0.639s] -- Added test 'copyright' to check source files copyright and LICENSE
[0.645s] -- Added test 'flake8' to check Python code syntax and style conventions
[0.646s] -- Added test 'lint_cmake' to check CMake code style
[0.647s] -- Added test 'pep257' to check Python code against some of the docstring style conventions in PEP 257
[0.651s] -- Added test 'xmllint' to check XML markup files
[0.653s] -- Configuring done
[0.655s] -- Generating done
[0.656s] -- Build files have been written to: /home/rohan/articubot/build/nav_bot
[0.660s] Invoked command in '/home/rohan/articubot/build/nav_bot' returned '0': CMAKE_PREFIX_PATH=/opt/ros/humble /usr/bin/cmake /home/rohan/articubot/src/nav_bot -DAMENT_CMAKE_SYMLINK_INSTALL=1 -DCMAKE_INSTALL_PREFIX=/home/rohan/articubot/install/nav_bot
[0.661s] Invoking command in '/home/rohan/articubot/build/nav_bot': CMAKE_PREFIX_PATH=/opt/ros/humble /usr/bin/cmake --build /home/rohan/articubot/build/nav_bot -- -j16 -l16
[0.692s] Invoked command in '/home/rohan/articubot/build/nav_bot' returned '0': CMAKE_PREFIX_PATH=/opt/ros/humble /usr/bin/cmake --build /home/rohan/articubot/build/nav_bot -- -j16 -l16
[0.699s] Invoking command in '/home/rohan/articubot/build/nav_bot': CMAKE_PREFIX_PATH=/opt/ros/humble /usr/bin/cmake --install /home/rohan/articubot/build/nav_bot
[0.705s] -- Install configuration: ""
[0.705s] -- Execute custom install script
[0.706s] -- Symlinking: /home/rohan/articubot/install/nav_bot/share/nav_bot/config/empty.yaml
[0.713s] -- Symlinking: /home/rohan/articubot/install/nav_bot/share/nav_bot/description/robot.urdf.xacro
[0.719s] -- Symlinking: /home/rohan/articubot/install/nav_bot/share/nav_bot/launch/rsp.launch.py
[0.727s] -- Symlinking: /home/rohan/articubot/install/nav_bot/share/nav_bot/worlds/empty.world
[0.734s] -- Symlinking: /home/rohan/articubot/install/nav_bot/share/ament_index/resource_index/package_run_dependencies/nav_bot
[0.741s] -- Symlinking: /home/rohan/articubot/install/nav_bot/share/ament_index/resource_index/parent_prefix_path/nav_bot
[0.748s] -- Symlinking: /home/rohan/articubot/install/nav_bot/share/nav_bot/environment/ament_prefix_path.sh
[0.755s] -- Symlinking: /home/rohan/articubot/install/nav_bot/share/nav_bot/environment/ament_prefix_path.dsv
[0.762s] -- Symlinking: /home/rohan/articubot/install/nav_bot/share/nav_bot/environment/path.sh
[0.768s] -- Symlinking: /home/rohan/articubot/install/nav_bot/share/nav_bot/environment/path.dsv
[0.775s] -- Symlinking: /home/rohan/articubot/install/nav_bot/share/nav_bot/local_setup.bash
[0.782s] -- Symlinking: /home/rohan/articubot/install/nav_bot/share/nav_bot/local_setup.sh
[0.789s] -- Symlinking: /home/rohan/articubot/install/nav_bot/share/nav_bot/local_setup.zsh
[0.796s] -- Symlinking: /home/rohan/articubot/install/nav_bot/share/nav_bot/local_setup.dsv
[0.803s] -- Symlinking: /home/rohan/articubot/install/nav_bot/share/nav_bot/package.dsv
[0.810s] -- Symlinking: /home/rohan/articubot/install/nav_bot/share/ament_index/resource_index/packages/nav_bot
[0.817s] -- Symlinking: /home/rohan/articubot/install/nav_bot/share/nav_bot/cmake/nav_botConfig.cmake
[0.824s] -- Symlinking: /home/rohan/articubot/install/nav_bot/share/nav_bot/cmake/nav_botConfig-version.cmake
[0.831s] -- Symlinking: /home/rohan/articubot/install/nav_bot/share/nav_bot/package.xml
[0.841s] Invoked command in '/home/rohan/articubot/build/nav_bot' returned '0': CMAKE_PREFIX_PATH=/opt/ros/humble /usr/bin/cmake --install /home/rohan/articubot/build/nav_bot
