[0.015s] Invoking command in '/home/rohan/articubot/build/nav_bot': CMAKE_PREFIX_PATH=${CMAKE_PREFIX_PATH}:/opt/ros/humble /usr/bin/cmake --build /home/rohan/articubot/build/nav_bot -- -j16 -l16
[0.091s] Invoked command in '/home/rohan/articubot/build/nav_bot' returned '0': CMAKE_PREFIX_PATH=${CMAKE_PREFIX_PATH}:/opt/ros/humble /usr/bin/cmake --build /home/rohan/articubot/build/nav_bot -- -j16 -l16
[0.102s] Invoking command in '/home/rohan/articubot/build/nav_bot': CMAKE_PREFIX_PATH=${CMAKE_PREFIX_PATH}:/opt/ros/humble /usr/bin/cmake --install /home/rohan/articubot/build/nav_bot
[0.113s] -- Install configuration: ""
[0.113s] -- Execute custom install script
[0.114s] -- Up-to-date symlink: /home/rohan/articubot/install/nav_bot/share/nav_bot/config/empty.yaml
[0.114s] -- Symlinking: /home/rohan/articubot/install/nav_bot/share/nav_bot/config/view_bot.rviz
[0.127s] -- Up-to-date symlink: /home/rohan/articubot/install/nav_bot/share/nav_bot/description/inertial_macros.xacro
[0.127s] -- Up-to-date symlink: /home/rohan/articubot/install/nav_bot/share/nav_bot/description/robot.urdf.xacro
[0.128s] -- Up-to-date symlink: /home/rohan/articubot/install/nav_bot/share/nav_bot/description/robot_core.xacro
[0.128s] -- Symlinking: /home/rohan/articubot/install/nav_bot/share/nav_bot/launch/launch_sim.launch.py
[0.137s] -- Up-to-date symlink: /home/rohan/articubot/install/nav_bot/share/nav_bot/launch/rsp.launch.py
[0.137s] -- Up-to-date symlink: /home/rohan/articubot/install/nav_bot/share/nav_bot/worlds/empty.world
[0.138s] -- Up-to-date symlink: /home/rohan/articubot/install/nav_bot/share/ament_index/resource_index/package_run_dependencies/nav_bot
[0.138s] -- Up-to-date symlink: /home/rohan/articubot/install/nav_bot/share/ament_index/resource_index/parent_prefix_path/nav_bot
[0.138s] -- Up-to-date symlink: /home/rohan/articubot/install/nav_bot/share/nav_bot/environment/ament_prefix_path.sh
[0.138s] -- Up-to-date symlink: /home/rohan/articubot/install/nav_bot/share/nav_bot/environment/ament_prefix_path.dsv
[0.138s] -- Up-to-date symlink: /home/rohan/articubot/install/nav_bot/share/nav_bot/environment/path.sh
[0.138s] -- Up-to-date symlink: /home/rohan/articubot/install/nav_bot/share/nav_bot/environment/path.dsv
[0.139s] -- Up-to-date symlink: /home/rohan/articubot/install/nav_bot/share/nav_bot/local_setup.bash
[0.139s] -- Up-to-date symlink: /home/rohan/articubot/install/nav_bot/share/nav_bot/local_setup.sh
[0.139s] -- Up-to-date symlink: /home/rohan/articubot/install/nav_bot/share/nav_bot/local_setup.zsh
[0.139s] -- Up-to-date symlink: /home/rohan/articubot/install/nav_bot/share/nav_bot/local_setup.dsv
[0.139s] -- Symlinking: /home/rohan/articubot/install/nav_bot/share/nav_bot/package.dsv
[0.151s] -- Up-to-date symlink: /home/rohan/articubot/install/nav_bot/share/ament_index/resource_index/packages/nav_bot
[0.151s] -- Up-to-date symlink: /home/rohan/articubot/install/nav_bot/share/nav_bot/cmake/nav_botConfig.cmake
[0.151s] -- Up-to-date symlink: /home/rohan/articubot/install/nav_bot/share/nav_bot/cmake/nav_botConfig-version.cmake
[0.151s] -- Up-to-date symlink: /home/rohan/articubot/install/nav_bot/share/nav_bot/package.xml
[0.154s] Invoked command in '/home/rohan/articubot/build/nav_bot' returned '0': CMAKE_PREFIX_PATH=${CMAKE_PREFIX_PATH}:/opt/ros/humble /usr/bin/cmake --install /home/rohan/articubot/build/nav_bot
