[0.016s] Invoking command in '/home/rohan/articubot/build/nav_bot': CMAKE_PREFIX_PATH=${CMAKE_PREFIX_PATH}:/home/rohan/px4/ros2_ws/install/px4_offboard:/home/rohan/px4/ros2_ws/install/com_bridge:/opt/ros/humble /usr/bin/cmake /home/rohan/articubot/src/nav_bot -DAMENT_CMAKE_SYMLINK_INSTALL=1 -DCMAKE_INSTALL_PREFIX=/home/rohan/articubot/install/nav_bot
[0.172s] -- The C compiler identification is GNU 11.4.0
[0.291s] -- The CXX compiler identification is GNU 11.4.0
[0.303s] -- Detecting C compiler ABI info
[0.415s] -- Detecting C compiler ABI info - done
[0.424s] -- Check for working C compiler: /usr/bin/cc - skipped
[0.425s] -- Detecting C compile features
[0.426s] -- Detecting C compile features - done
[0.429s] -- Detecting CXX compiler ABI info
[0.553s] -- Detecting CXX compiler ABI info - done
[0.561s] -- Check for working CXX compiler: /usr/bin/c++ - skipped
[0.561s] -- Detecting CXX compile features
[0.562s] -- Detecting CXX compile features - done
[0.574s] -- Found ament_cmake: 1.3.13 (/opt/ros/humble/share/ament_cmake/cmake)
[0.801s] -- Found Python3: /usr/bin/python3 (found version "3.10.12") found components: Interpreter 
[0.891s] -- Override CMake install command with custom implementation using symlinks instead of copying resources
[0.967s] -- Found ament_lint_auto: 0.12.15 (/opt/ros/humble/share/ament_lint_auto/cmake)
[1.092s] -- Added test 'copyright' to check source files copyright and LICENSE
[1.097s] -- Added test 'flake8' to check Python code syntax and style conventions
[1.098s] -- Added test 'lint_cmake' to check CMake code style
[1.099s] -- Added test 'pep257' to check Python code against some of the docstring style conventions in PEP 257
[1.102s] -- Added test 'xmllint' to check XML markup files
[1.104s] -- Configuring done
[1.109s] -- Generating done
[1.111s] -- Build files have been written to: /home/rohan/articubot/build/nav_bot
[1.120s] Invoked command in '/home/rohan/articubot/build/nav_bot' returned '0': CMAKE_PREFIX_PATH=${CMAKE_PREFIX_PATH}:/home/rohan/px4/ros2_ws/install/px4_offboard:/home/rohan/px4/ros2_ws/install/com_bridge:/opt/ros/humble /usr/bin/cmake /home/rohan/articubot/src/nav_bot -DAMENT_CMAKE_SYMLINK_INSTALL=1 -DCMAKE_INSTALL_PREFIX=/home/rohan/articubot/install/nav_bot
[1.123s] Invoking command in '/home/rohan/articubot/build/nav_bot': CMAKE_PREFIX_PATH=${CMAKE_PREFIX_PATH}:/home/rohan/px4/ros2_ws/install/px4_offboard:/home/rohan/px4/ros2_ws/install/com_bridge:/opt/ros/humble /usr/bin/cmake --build /home/rohan/articubot/build/nav_bot -- -j16 -l16
[1.188s] Invoked command in '/home/rohan/articubot/build/nav_bot' returned '0': CMAKE_PREFIX_PATH=${CMAKE_PREFIX_PATH}:/home/rohan/px4/ros2_ws/install/px4_offboard:/home/rohan/px4/ros2_ws/install/com_bridge:/opt/ros/humble /usr/bin/cmake --build /home/rohan/articubot/build/nav_bot -- -j16 -l16
[1.203s] Invoking command in '/home/rohan/articubot/build/nav_bot': CMAKE_PREFIX_PATH=${CMAKE_PREFIX_PATH}:/home/rohan/px4/ros2_ws/install/px4_offboard:/home/rohan/px4/ros2_ws/install/com_bridge:/opt/ros/humble /usr/bin/cmake --install /home/rohan/articubot/build/nav_bot
[1.217s] -- Install configuration: ""
[1.217s] -- Execute custom install script
[1.218s] -- Symlinking: /home/rohan/articubot/install/nav_bot/share/nav_bot/config/config.rviz
[1.234s] -- Symlinking: /home/rohan/articubot/install/nav_bot/share/nav_bot/config/drive_bot.rviz
[1.250s] -- Symlinking: /home/rohan/articubot/install/nav_bot/share/nav_bot/config/joystick.yaml
[1.264s] -- Symlinking: /home/rohan/articubot/install/nav_bot/share/nav_bot/config/mapper_params_online_async.yaml
[1.277s] -- Symlinking: /home/rohan/articubot/install/nav_bot/share/nav_bot/config/my_controllers.yaml
[1.290s] -- Symlinking: /home/rohan/articubot/install/nav_bot/share/nav_bot/config/twist_mux.yaml
[1.302s] -- Symlinking: /home/rohan/articubot/install/nav_bot/share/nav_bot/description/camera.xacro
[1.317s] -- Symlinking: /home/rohan/articubot/install/nav_bot/share/nav_bot/description/depth_camera.xacro
[1.330s] -- Symlinking: /home/rohan/articubot/install/nav_bot/share/nav_bot/description/gazebo_control.xacro
[1.343s] -- Symlinking: /home/rohan/articubot/install/nav_bot/share/nav_bot/description/inertial_macros.xacro
[1.357s] -- Symlinking: /home/rohan/articubot/install/nav_bot/share/nav_bot/description/lidar.xacro
[1.372s] -- Symlinking: /home/rohan/articubot/install/nav_bot/share/nav_bot/description/robot.urdf.xacro
[1.386s] -- Symlinking: /home/rohan/articubot/install/nav_bot/share/nav_bot/description/robot_core.xacro
[1.399s] -- Symlinking: /home/rohan/articubot/install/nav_bot/share/nav_bot/description/ros2_control.xacro
[1.413s] -- Symlinking: /home/rohan/articubot/install/nav_bot/share/nav_bot/launch/joystick.launch.py
[1.427s] -- Symlinking: /home/rohan/articubot/install/nav_bot/share/nav_bot/launch/launch_sim.launch.py
[1.440s] -- Symlinking: /home/rohan/articubot/install/nav_bot/share/nav_bot/launch/rsp.launch.py
[1.452s] -- Symlinking: /home/rohan/articubot/install/nav_bot/share/nav_bot/worlds/empty.world
[1.466s] -- Symlinking: /home/rohan/articubot/install/nav_bot/share/nav_bot/worlds/obstacles.world
[1.479s] -- Symlinking: /home/rohan/articubot/install/nav_bot/share/ament_index/resource_index/package_run_dependencies/nav_bot
[1.492s] -- Symlinking: /home/rohan/articubot/install/nav_bot/share/ament_index/resource_index/parent_prefix_path/nav_bot
[1.505s] -- Symlinking: /home/rohan/articubot/install/nav_bot/share/nav_bot/environment/ament_prefix_path.sh
[1.522s] -- Symlinking: /home/rohan/articubot/install/nav_bot/share/nav_bot/environment/ament_prefix_path.dsv
[1.537s] -- Symlinking: /home/rohan/articubot/install/nav_bot/share/nav_bot/environment/path.sh
[1.551s] -- Symlinking: /home/rohan/articubot/install/nav_bot/share/nav_bot/environment/path.dsv
[1.566s] -- Symlinking: /home/rohan/articubot/install/nav_bot/share/nav_bot/local_setup.bash
[1.579s] -- Symlinking: /home/rohan/articubot/install/nav_bot/share/nav_bot/local_setup.sh
[1.592s] -- Symlinking: /home/rohan/articubot/install/nav_bot/share/nav_bot/local_setup.zsh
[1.606s] -- Symlinking: /home/rohan/articubot/install/nav_bot/share/nav_bot/local_setup.dsv
[1.620s] -- Symlinking: /home/rohan/articubot/install/nav_bot/share/nav_bot/package.dsv
[1.635s] -- Symlinking: /home/rohan/articubot/install/nav_bot/share/ament_index/resource_index/packages/nav_bot
[1.648s] -- Symlinking: /home/rohan/articubot/install/nav_bot/share/nav_bot/cmake/nav_botConfig.cmake
[1.661s] -- Symlinking: /home/rohan/articubot/install/nav_bot/share/nav_bot/cmake/nav_botConfig-version.cmake
[1.674s] -- Symlinking: /home/rohan/articubot/install/nav_bot/share/nav_bot/package.xml
[1.691s] Invoked command in '/home/rohan/articubot/build/nav_bot' returned '0': CMAKE_PREFIX_PATH=${CMAKE_PREFIX_PATH}:/home/rohan/px4/ros2_ws/install/px4_offboard:/home/rohan/px4/ros2_ws/install/com_bridge:/opt/ros/humble /usr/bin/cmake --install /home/rohan/articubot/build/nav_bot
